2026-02-26 16:59:20,116 - INFO - Iniciando extracción de superhéroes...
2026-02-26 16:59:21,325 - INFO - Heroe A-Bomb extraído correctamente
2026-02-26 16:59:22,108 - INFO - Heroe Abe Sapien extraído correctamente
2026-02-26 16:59:23,050 - INFO - Heroe Abin Sur extraído correctamente
2026-02-26 16:59:23,842 - INFO - Heroe Abomination extraído correctamente
2026-02-26 16:59:24,786 - INFO - Heroe Abraxas extraído correctamente
2026-02-26 16:59:25,574 - INFO - Heroe Absorbing Man extraído correctamente
2026-02-26 16:59:26,203 - INFO - Heroe Adam Monroe extraído correctamente
2026-02-26 16:59:27,005 - INFO - Heroe Adam Strange extraído correctamente
2026-02-26 16:59:27,795 - INFO - Heroe Agent 13 extraído correctamente
2026-02-26 16:59:28,478 - INFO - Heroe Agent Bob extraído correctamente
2026-03-31 21:32:28,986 - INFO - Iniciando extracción de superhéroes...
2026-03-31 21:32:30,262 - INFO - Heroe A-Bomb extraído correctamente
2026-03-31 21:32:31,168 - INFO - Heroe Abe Sapien extraído correctamente
2026-03-31 21:32:31,846 - INFO - Heroe Abin Sur extraído correctamente
2026-03-31 21:32:32,621 - INFO - Heroe Abomination extraído correctamente
2026-03-31 21:32:33,394 - INFO - Heroe Abraxas extraído correctamente
2026-03-31 21:32:34,072 - INFO - Heroe Absorbing Man extraído correctamente
2026-03-31 21:32:34,860 - INFO - Heroe Adam Monroe extraído correctamente
2026-03-31 21:32:35,819 - INFO - Heroe Adam Strange extraído correctamente
2026-03-31 21:32:36,584 - INFO - Heroe Agent 13 extraído correctamente
2026-03-31 21:32:37,379 - INFO - Heroe Agent Bob extraído correctamente
2026-03-31 21:32:38,301 - INFO - Heroe Agent Zero extraído correctamente
2026-03-31 21:32:38,979 - INFO - Heroe Air-Walker extraído correctamente
2026-03-31 21:32:39,642 - INFO - Heroe Ajax extraído correctamente
2026-03-31 21:32:40,326 - INFO - Heroe Alan Scott extraído correctamente
2026-03-31 21:32:41,005 - INFO - Heroe Alex Mercer extraído correctamente
2026-03-31 21:32:41,662 - INFO - Heroe Alex Woolsly extraído correctamente
2026-03-31 21:32:42,338 - INFO - Heroe Alfred Pennyworth extraído correctamente
2026-03-31 21:32:42,985 - INFO - Heroe Alien extraído correctamente
2026-03-31 21:32:43,662 - INFO - Heroe Allan Quatermain extraído correctamente
2026-03-31 21:32:44,348 - INFO - Heroe Amazo extraído correctamente
